#! /c/Source/iverilog-install/bin/vvp
:ivl_version "12.0 (devel)" "(s20150603-1110-g18392a46)";
:ivl_delay_selection "TYPICAL";
:vpi_time_precision + 0;
:vpi_module "C:\BHARAT~1\iverilog\lib\ivl\system.vpi";
:vpi_module "C:\BHARAT~1\iverilog\lib\ivl\vhdl_sys.vpi";
:vpi_module "C:\BHARAT~1\iverilog\lib\ivl\vhdl_textio.vpi";
:vpi_module "C:\BHARAT~1\iverilog\lib\ivl\v2005_math.vpi";
:vpi_module "C:\BHARAT~1\iverilog\lib\ivl\va_math.vpi";
S_000001b97e659570 .scope module, "testbench" "testbench" 2 1;
 .timescale 0 0;
v000001b97e659890_0 .var "a", 0 0;
v000001b97e6581d0_0 .var "b", 0 0;
v000001b97e56b840_0 .net "carry", 0 0, L_000001b97e656830;  1 drivers
v000001b97e56b8e0_0 .net "sum", 0 0, L_000001b97e659930;  1 drivers
S_000001b97e659700 .scope module, "uut" "half_adder" 2 6, 3 1 0, S_000001b97e659570;
 .timescale 0 0;
    .port_info 0 /INPUT 1 "a";
    .port_info 1 /INPUT 1 "b";
    .port_info 2 /OUTPUT 1 "sum";
    .port_info 3 /OUTPUT 1 "carry";
L_000001b97e659930 .functor XOR 1, v000001b97e659890_0, v000001b97e6581d0_0, C4<0>, C4<0>;
L_000001b97e656830 .functor AND 1, v000001b97e659890_0, v000001b97e6581d0_0, C4<1>, C4<1>;
v000001b97e656c80_0 .net "a", 0 0, v000001b97e659890_0;  1 drivers
v000001b97e5256c0_0 .net "b", 0 0, v000001b97e6581d0_0;  1 drivers
v000001b97e65be00_0 .net "carry", 0 0, L_000001b97e656830;  alias, 1 drivers
v000001b97e656790_0 .net "sum", 0 0, L_000001b97e659930;  alias, 1 drivers
    .scope S_000001b97e659570;
T_0 ;
    %vpi_call 2 9 "$dumpfile", "waveform.vcd" {0 0 0};
    %vpi_call 2 10 "$dumpvars", 32'sb00000000000000000000000000000000, S_000001b97e659570 {0 0 0};
    %vpi_call 2 11 "$monitor", "time=%t a=%b b=%b sum=%b carry=%b", $time, v000001b97e659890_0, v000001b97e6581d0_0, v000001b97e56b8e0_0, v000001b97e56b840_0 {0 0 0};
    %pushi/vec4 1, 0, 1;
    %store/vec4 v000001b97e659890_0, 0, 1;
    %pushi/vec4 1, 0, 1;
    %store/vec4 v000001b97e6581d0_0, 0, 1;
    %delay 10, 0;
    %pushi/vec4 0, 0, 1;
    %store/vec4 v000001b97e659890_0, 0, 1;
    %pushi/vec4 1, 0, 1;
    %store/vec4 v000001b97e6581d0_0, 0, 1;
    %delay 10, 0;
    %pushi/vec4 1, 0, 1;
    %store/vec4 v000001b97e659890_0, 0, 1;
    %pushi/vec4 0, 0, 1;
    %store/vec4 v000001b97e6581d0_0, 0, 1;
    %delay 10, 0;
    %pushi/vec4 0, 0, 1;
    %store/vec4 v000001b97e659890_0, 0, 1;
    %pushi/vec4 0, 0, 1;
    %store/vec4 v000001b97e6581d0_0, 0, 1;
    %delay 10, 0;
    %vpi_call 2 20 "$finish" {0 0 0};
    %end;
    .thread T_0;
# The file index is used to find the file name in the following table.
:file_names 4;
    "N/A";
    "<interactive>";
    "testbench.v";
    "module.v";
